Starting feed generation for 9 shows...
[6108] Processing Ça s'explique...
[6108] Generated feed_6108.xml with 63 episodes.
[9887] Processing La journée (est encore jeune)...
[9887] Generated feed_9887.xml with 63 episodes.
[11099] Processing Décrypteurs : le balado...
[11099] Generated feed_11099.xml with 50 episodes.
[6327] Processing Le bêtisier...
[6327] Generated feed_6327.xml with 10 episodes.
[12095] Processing Olivier Niquet 24/7 (en jaquette)...
[12095] Generated feed_12095.xml with 50 episodes.
[302] Processing À la une...
[302] Generated feed_302.xml with 350 episodes.
[6056] Processing Moteur de recherche...
[6056] Generated feed_6056.xml with 9 episodes.
[7791] Processing Pouvez-vous répéter la question?...
[7791] Generated feed_7791.xml with 62 episodes.
[6104] Processing Tellement hockey...
[6104] Generated feed_6104.xml with 50 episodes.
README.md updated with run log.
